// Jest Snapshot v1, https://goo.gl/fbAQLP

exports[`components/BannerCarousel renders correctly 1`] = `[Function]`;
